{
  "dataset": "https://huggingface.co/datasets/facebook/babi_qa",
  "revision": "821006e33d6ff3674fd888792a4dd1c04648f69f",
  "sha256": "9875dfad271cbfa5c49adb5809dd67be3826394a5d4d66dc74cab0c81483e2f8",
  "license": "CC-BY-3.0",
  "protocol": "All English QA1 test stories/questions; no fitting. Movement events mapped to supported named-person residence claims solely to isolate conflict resolution. Gold answers unchanged.",
  "limits": "External synthetic state tracking with a grammar adapter, not human conversation or arbitrary language parsing. Latest-assertion baseline solves this task by construction. Not a substitute for independent human policy judgments.",
  "stories": 200,
  "questions": 1000,
  "counts": {
    "changed_location_events": 1241,
    "input_events": 2000,
    "retained_roots": 759,
    "revisions": 3241
  },
  "metrics": {
    "memory_correct": 1.0,
    "graph_correct": 1.0,
    "first_assertion_correct": 0.396,
    "latest_assertion_correct": 1.0
  }
}
