{
  "knowledge-update": {
    "examples": 75,
    "with_evidence_labels": 69,
    "raw_retention_baseline": 1.0,
    "memory_gold_evidence_retention": 0.10144927536231885,
    "mean_visible_fraction": 0.12993939393939394,
    "superseded_memories": 0,
    "consolidated_memories": 0
  },
  "multi-session": {
    "examples": 133,
    "with_evidence_labels": 125,
    "raw_retention_baseline": 1.0,
    "memory_gold_evidence_retention": 0.1212,
    "mean_visible_fraction": 0.17342003527402935,
    "superseded_memories": 0,
    "consolidated_memories": 0
  },
  "single-session-assistant": {
    "examples": 56,
    "with_evidence_labels": 56,
    "raw_retention_baseline": 1.0,
    "memory_gold_evidence_retention": 0.625,
    "mean_visible_fraction": 0.3024269651042235,
    "superseded_memories": 0,
    "consolidated_memories": 0
  },
  "single-session-preference": {
    "examples": 30,
    "with_evidence_labels": 30,
    "raw_retention_baseline": 1.0,
    "memory_gold_evidence_retention": 0.08333333333333333,
    "mean_visible_fraction": 0.23931878306878307,
    "superseded_memories": 0,
    "consolidated_memories": 0
  },
  "single-session-user": {
    "examples": 70,
    "with_evidence_labels": 64,
    "raw_retention_baseline": 1.0,
    "memory_gold_evidence_retention": 0.21875,
    "mean_visible_fraction": 0.15023809523809523,
    "superseded_memories": 0,
    "consolidated_memories": 0
  },
  "temporal-reasoning": {
    "examples": 93,
    "with_evidence_labels": 92,
    "raw_retention_baseline": 1.0,
    "memory_gold_evidence_retention": 0.19601449275362318,
    "mean_visible_fraction": 0.16681944127757178,
    "superseded_memories": 0,
    "consolidated_memories": 0
  }
}
